11:43:57 **** Incremental Build of configuration Debug for project BTL_nhung ****
make -j12 all 
arm-none-eabi-gcc "../Core/Src/main.c" -mcpu=cortex-m4 -std=gnu11 -g3 -DDEBUG -DUSE_HAL_DRIVER -DSTM32F401xC -c -I../Core/Inc -I../Drivers/STM32F4xx_HAL_Driver/Inc -I../Drivers/STM32F4xx_HAL_Driver/Inc/Legacy -I../Drivers/CMSIS/Device/ST/STM32F4xx/Include -I../Drivers/CMSIS/Include -O0 -ffunction-sections -fdata-sections -Wall -fstack-usage -fcyclomatic-complexity -MMD -MP -MF"Core/Src/main.d" -MT"Core/Src/main.o" --specs=nano.specs -mfpu=fpv4-sp-d16 -mfloat-abi=hard -mthumb -o "Core/Src/main.o"
arm-none-eabi-gcc -o "BTL_nhung.elf" @"objects.list"   -mcpu=cortex-m4 -T"D:\stm32cubeIDE\BTL_nhung\BTL_nhung\STM32F401RCTX_FLASH.ld" --specs=nosys.specs -Wl,-Map="BTL_nhung.map" -Wl,--gc-sections -static -u _printf_float --specs=nano.specs -mfpu=fpv4-sp-d16 -mfloat-abi=hard -mthumb -Wl,--start-group -lc -lm -Wl,--end-group
Finished building target: BTL_nhung.elf
 
arm-none-eabi-size  BTL_nhung.elf 
arm-none-eabi-objdump -h -S BTL_nhung.elf  > "BTL_nhung.list"
   text	   data	    bss	    dec	    hex	filename
  26364	    472	   1920	  28756	   7054	BTL_nhung.elf
Finished building: default.size.stdout
 
Finished building: BTL_nhung.list
 
11:44:13 **** Incremental Build of configuration Debug for project BTL_nhung ****
make -j12 all 
arm-none-eabi-size  BTL_nhung.elf 
   text	   data	    bss	    dec	    hex	filename
  26364	    472	   1920	  28756	   7054	BTL_nhung.elf
Finished building: default.size.stdout
 
